../Src/main.c:49:10:get_psp_value	4	static
../Src/main.c:53:10:save_psp_value	16	static
../Src/main.c:57:6:update_next_task	4	static
../Src/main.c:63:29:init_scheduler_stack	0	static,ignoring_inline_asm
../Src/main.c:68:29:switch_sp_to_psp	0	static,ignoring_inline_asm
../Src/main.c:86:6:init_task_stack	24	static
../Src/main.c:124:6:idle_task	4	static
../Src/main.c:128:6:Task1_Handler	8	static
../Src/main.c:134:6:Task2_Handler	8	static
../Src/main.c:140:6:Task3_Handler	8	static
../Src/main.c:146:6:Task4_Handler	8	static
../Src/main.c:153:6:init_systick_timer	32	static
../Src/main.c:173:6:enable_processor_faults	16	static
../Src/main.c:184:5:main	8	static
../Src/main.c:198:24:SysTick_Handler	0	static,ignoring_inline_asm
../Src/main.c:223:6:HardFault_Handler	8	static
../Src/main.c:228:6:MemManage_Handler	8	static
../Src/main.c:233:6:BusFault_Handler	8	static
../Src/main.c:238:6:UsageFault_Handler	8	static
